// Jest Snapshot v1, https://goo.gl/fbAQLP

exports[`Pruebas en <GifItem /> debe de hacer match con el snapshot 1`] = `
<div>
  <div
    class="card"
  >
    <img
      alt="Black Clover"
      src="https://black-clover.com/asta.jpg"
    />
    <p>
      Black Clover
    </p>
  </div>
</div>
`;
